BL51 BANKED LINKER/LOCATER V6.22                                                        08/31/2017  16:00:13  PAGE 1


BL51 BANKED LINKER/LOCATER V6.22, INVOKED BY:
E:\\C51\BIN\BL51.EXE µ„¡¡æ≤Ã¨ ˝¬Îπ‹.obj TO µ„¡¡æ≤Ã¨ ˝¬Îπ‹ RAMSIZE (256)


MEMORY MODEL: SMALL


INPUT MODULES INCLUDED:
  µ„¡¡æ≤Ã¨ ˝¬Îπ‹.obj (µ„¡¡æ≤Ã¨ ˝_Îπ_)
  E:\\C51\LIB\C51S.LIB (?C_STARTUP)


LINK MAP OF MODULE:  µ„¡¡æ≤Ã¨ ˝¬Îπ‹ (µ„¡¡æ≤Ã¨ ˝_Îπ_)


            TYPE    BASE      LENGTH    RELOCATION   SEGMENT NAME
            -----------------------------------------------------

            * * * * * * *   D A T A   M E M O R Y   * * * * * * *
            REG     0000H     0008H     ABSOLUTE     "REG BANK 0"
            DATA    0008H     0004H     UNIT         _DATA_GROUP_
            IDATA   000CH     0001H     UNIT         ?STACK

            * * * * * * *   C O D E   M E M O R Y   * * * * * * *
            CODE    0000H     0003H     ABSOLUTE     
            CODE    0003H     007AH     UNIT         ?PR?MAIN?µ„¡¡æ≤Ã¨ ˝_Îπ_
            CODE    007DH     0038H     UNIT         ?PR?_DELAY?µ„¡¡æ≤Ã¨ ˝_Îπ_
            CODE    00B5H     0010H     UNIT         ?CO?µ„¡¡æ≤Ã¨ ˝_Îπ_
            CODE    00C5H     000CH     UNIT         ?C_C51STARTUP



OVERLAY MAP OF MODULE:   µ„¡¡æ≤Ã¨ ˝¬Îπ‹ (µ„¡¡æ≤Ã¨ ˝_Îπ_)


SEGMENT                             DATA_GROUP 
  +--> CALLED SEGMENT             START    LENGTH
-------------------------------------------------
?C_C51STARTUP                     -----    -----
  +--> ?PR?MAIN?µ„¡¡æ≤Ã¨ ˝_Îπ_

?PR?MAIN?µ„¡¡æ≤Ã¨ ˝_Îπ_           0008H    0004H
  +--> ?PR?_DELAY?µ„¡¡æ≤Ã¨ ˝_Îπ_

?PR?_DELAY?µ„¡¡æ≤Ã¨ ˝_Îπ_         -----    -----
  +--> ?CO?µ„¡¡æ≤Ã¨ ˝_Îπ_



SYMBOL TABLE OF MODULE:  µ„¡¡æ≤Ã¨ ˝¬Îπ‹ (µ„¡¡æ≤Ã¨ ˝_Îπ_)

  VALUE           TYPE          NAME
  ----------------------------------

  -------         MODULE        µ„¡¡æ≤Ã¨ ˝_Îπ_
  C:0000H         SYMBOL        _ICE_DUMMY_
  D:0080H         PUBLIC        P0
  D:0090H         PUBLIC        P1
BL51 BANKED LINKER/LOCATER V6.22                                                      08/31/2017  16:00:13  PAGE 2


  D:00A0H         PUBLIC        P2
  D:00B0H         PUBLIC        P3
  B:00A0H.2       PUBLIC        ymq1
  C:00B5H         PUBLIC        table
  B:00A0H.3       PUBLIC        ymq2
  B:00A0H.4       PUBLIC        ymq3
  D:00A8H         PUBLIC        IE
  C:0095H         PUBLIC        _delay
  D:00B8H         PUBLIC        IP
  C:0003H         PUBLIC        main
  D:0098H         PUBLIC        SCON
  D:0088H         PUBLIC        TCON
  D:00C8H         PUBLIC        T2CON
  D:00D0H         PUBLIC        PSW
  -------         PROC          MAIN
  -------         DO            
  D:0008H         SYMBOL        k
  D:000AH         SYMBOL        l
  -------         ENDDO         
  C:0003H         LINE#         9
  C:0003H         LINE#         10
  C:0003H         LINE#         11
  C:0008H         LINE#         12
  C:001BH         LINE#         13
  C:001BH         LINE#         14
  C:001DH         LINE#         15
  C:001DH         LINE#         16
  C:001DH         LINE#         17
  C:001DH         LINE#         18
  C:0020H         LINE#         19
  C:0022H         LINE#         20
  C:0024H         LINE#         21
  C:0026H         LINE#         22
  C:0026H         LINE#         23
  C:0029H         LINE#         24
  C:002BH         LINE#         25
  C:002DH         LINE#         26
  C:002DH         LINE#         27
  C:002DH         LINE#         28
  C:0030H         LINE#         29
  C:0032H         LINE#         30
  C:0034H         LINE#         31
  C:0036H         LINE#         32
  C:0036H         LINE#         33
  C:0039H         LINE#         34
  C:003BH         LINE#         35
  C:003BH         LINE#         36
  C:003BH         LINE#         37
  C:003BH         LINE#         38
  C:003EH         LINE#         39
  C:0040H         LINE#         40
  C:0042H         LINE#         41
  C:0044H         LINE#         42
  C:0044H         LINE#         43
  C:0047H         LINE#         44
  C:0049H         LINE#         45
  C:004BH         LINE#         46
BL51 BANKED LINKER/LOCATER V6.22                                                      08/31/2017  16:00:13  PAGE 3


  C:004BH         LINE#         47
  C:004BH         LINE#         48
  C:004EH         LINE#         49
  C:0050H         LINE#         50
  C:0052H         LINE#         51
  C:0054H         LINE#         52
  C:0054H         LINE#         53
  C:0062H         LINE#         54
  C:007CH         LINE#         56
  -------         ENDPROC       MAIN
  C:007FH         SYMBOL        L?0020
  C:0081H         SYMBOL        L?0021
  -------         PROC          L?0019
  -------         ENDPROC       L?0019
  C:007FH         SYMBOL        L?0020
  C:0081H         SYMBOL        L?0021
  -------         PROC          _DELAY
  D:0006H         SYMBOL        x
  -------         DO            
  D:0006H         SYMBOL        i
  D:0004H         SYMBOL        j
  -------         ENDDO         
  C:0095H         LINE#         58
  C:0095H         LINE#         59
  C:0095H         LINE#         61
  C:00A0H         LINE#         62
  C:00B4H         LINE#         63
  -------         ENDPROC       _DELAY
  -------         ENDMOD        µ„¡¡æ≤Ã¨ ˝_Îπ_

Program Size: data=13.0 xdata=0 code=209
LINK/LOCATE RUN COMPLETE.  0 WARNING(S),  0 ERROR(S)
